// Jest Snapshot v1, https://goo.gl/fbAQLP

exports[`Test Component Product check change by snapshot 1`] = `
<label>
  <select
    onChange={[Function]}
    value=""
  />
</label>
`;
